//
// Source
// ------------------------------------------

import androidx.compose.runtime.*

@Composable fun Foo() {
    Box {}
}

@Composable fun Foo(x: Int) {
    Box {}
}

@Composable fun Int.Foo() {
    Box {}
}

@Composable fun Foo(x: String) {
    Box {}
}

//
// Transformed IR
// ------------------------------------------

@Composable
fun Foo(%composer: Composer?, %changed: Int) {
  %composer = %composer.startRestartGroup(<>)
  sourceInformation(%composer, "C(Foo)<Box>:Test.kt")
  if (%changed != 0 || !%composer.skipping) {
    if (isTraceInProgress()) {
      traceEventStart(<>, %changed, -1, <>)
    }
    Box(ComposableSingletons%TestKt.lambda-Foo%1, %composer, 0b0110)
    if (isTraceInProgress()) {
      traceEventEnd()
    }
  } else {
    %composer.skipToGroupEnd()
  }
  %composer.endRestartGroup()?.updateScope { %composer: Composer?, %force: Int ->
    Foo(%composer, updateChangedFlags(%changed or 0b0001))
  }
}
@Composable
fun Foo(x: Int, %composer: Composer?, %changed: Int) {
  %composer = %composer.startRestartGroup(<>)
  sourceInformation(%composer, "C(Foo)<Box>:Test.kt")
  if (%changed and 0b0001 != 0 || !%composer.skipping) {
    if (isTraceInProgress()) {
      traceEventStart(<>, %changed, -1, <>)
    }
    Box(ComposableSingletons%TestKt.lambda-Foo-1nptd6xokba0g%1, %composer, 0b0110)
    if (isTraceInProgress()) {
      traceEventEnd()
    }
  } else {
    %composer.skipToGroupEnd()
  }
  %composer.endRestartGroup()?.updateScope { %composer: Composer?, %force: Int ->
    Foo(x, %composer, updateChangedFlags(%changed or 0b0001))
  }
}
@Composable
fun Int.Foo(%composer: Composer?, %changed: Int) {
  %composer = %composer.startRestartGroup(<>)
  sourceInformation(%composer, "C(Foo)<Box>:Test.kt")
  if (%changed and 0b0001 != 0 || !%composer.skipping) {
    if (isTraceInProgress()) {
      traceEventStart(<>, %changed, -1, <>)
    }
    Box(ComposableSingletons%TestKt.lambda-Foo-1qpn49gcd5iu%1, %composer, 0b0110)
    if (isTraceInProgress()) {
      traceEventEnd()
    }
  } else {
    %composer.skipToGroupEnd()
  }
  %composer.endRestartGroup()?.updateScope { %composer: Composer?, %force: Int ->
    Foo(%composer, updateChangedFlags(%changed or 0b0001))
  }
}
@Composable
fun Foo(x: String, %composer: Composer?, %changed: Int) {
  %composer = %composer.startRestartGroup(<>)
  sourceInformation(%composer, "C(Foo)<Box>:Test.kt")
  if (%changed and 0b0001 != 0 || !%composer.skipping) {
    if (isTraceInProgress()) {
      traceEventStart(<>, %changed, -1, <>)
    }
    Box(ComposableSingletons%TestKt.lambda-Foo-1035fiyco2wts%1, %composer, 0b0110)
    if (isTraceInProgress()) {
      traceEventEnd()
    }
  } else {
    %composer.skipToGroupEnd()
  }
  %composer.endRestartGroup()?.updateScope { %composer: Composer?, %force: Int ->
    Foo(x, %composer, updateChangedFlags(%changed or 0b0001))
  }
}
internal object ComposableSingletons%TestKt {
  val lambda-Foo%1: Function2<Composer, Int, Unit> = composableLambdaInstance(<>, false) { %composer: Composer?, %changed: Int ->
    sourceInformation(%composer, "C:Test.kt")
    if (%changed and 0b0011 != 0b0010 || !%composer.skipping) {
      if (isTraceInProgress()) {
        traceEventStart(<>, %changed, -1, <>)
      }
      Unit
      if (isTraceInProgress()) {
        traceEventEnd()
      }
    } else {
      %composer.skipToGroupEnd()
    }
  }
  val lambda-Foo-1nptd6xokba0g%1: Function2<Composer, Int, Unit> = composableLambdaInstance(<>, false) { %composer: Composer?, %changed: Int ->
    sourceInformation(%composer, "C:Test.kt")
    if (%changed and 0b0011 != 0b0010 || !%composer.skipping) {
      if (isTraceInProgress()) {
        traceEventStart(<>, %changed, -1, <>)
      }
      Unit
      if (isTraceInProgress()) {
        traceEventEnd()
      }
    } else {
      %composer.skipToGroupEnd()
    }
  }
  val lambda-Foo-1qpn49gcd5iu%1: Function2<Composer, Int, Unit> = composableLambdaInstance(<>, false) { %composer: Composer?, %changed: Int ->
    sourceInformation(%composer, "C:Test.kt")
    if (%changed and 0b0011 != 0b0010 || !%composer.skipping) {
      if (isTraceInProgress()) {
        traceEventStart(<>, %changed, -1, <>)
      }
      Unit
      if (isTraceInProgress()) {
        traceEventEnd()
      }
    } else {
      %composer.skipToGroupEnd()
    }
  }
  val lambda-Foo-1035fiyco2wts%1: Function2<Composer, Int, Unit> = composableLambdaInstance(<>, false) { %composer: Composer?, %changed: Int ->
    sourceInformation(%composer, "C:Test.kt")
    if (%changed and 0b0011 != 0b0010 || !%composer.skipping) {
      if (isTraceInProgress()) {
        traceEventStart(<>, %changed, -1, <>)
      }
      Unit
      if (isTraceInProgress()) {
        traceEventEnd()
      }
    } else {
      %composer.skipToGroupEnd()
    }
  }
}
