//
// Source
// ------------------------------------------

import androidx.compose.runtime.*

interface Test {
    @Composable fun foo(param: Int)
}

interface TestBetween : Test {
     @Composable fun betweenFoo(param: Int)
     @Composable fun betweenFooDefault(param: Int) {}
}

class TestImpl : TestBetween {
    @Composable override fun foo(param: Int) {}
    @Composable override fun betweenFoo(param: Int) {}
}

@Composable fun CallWithDefaults(test: Test, testBetween: TestBetween, testImpl: TestImpl) {
    test.foo(0)

    testBetween.foo(0)
    testBetween.betweenFoo(0)
    testBetween.betweenFooDefault(0)

    testImpl.foo(0)
    testImpl.betweenFoo(0)
    testImpl.betweenFooDefault(0)
}

//
// Transformed IR
// ------------------------------------------

interface Test {
  @Composable
  abstract fun foo(param: Int, %composer: Composer?, %changed: Int)
  class ComposeDefaultImpls {
    @Composable
    @ComposableInferredTarget(scheme = "[0[0]]")
    fun foo%default(param: Int, %this%: Test, %composer: Composer?, %changed: Int) {
      %composer = %composer.startRestartGroup(<>)
      val %dirty = %changed
      if (%changed and 0b0110 == 0) {
        %dirty = %dirty or if (%composer.changed(param)) 0b0100 else 0b0010
      }
      if (%changed and 0b00110000 == 0) {
        %dirty = %dirty or if (if (%changed and 0b01000000 == 0) {
          %composer.changed(%this%)
        } else {
          %composer.changedInstance(%this%)
        }
        ) 0b00100000 else 0b00010000
      }
      if (%dirty and 0b00010011 != 0b00010010 || !%composer.skipping) {
        %this%.foo(param, %composer, 0b1110 and %dirty or 0b01110000 and %dirty)
      } else {
        %composer.skipToGroupEnd()
      }
      %composer.endRestartGroup()?.updateScope { %composer: Composer?, %force: Int ->
        foo%default(param, %this%, %composer, updateChangedFlags(%changed or 0b0001))
      }
    }
  }
}
interface TestBetween : Test {
  @Composable
  abstract fun betweenFoo(param: Int, %composer: Composer?, %changed: Int)
  @Composable
  open fun betweenFooDefault(param: Int, %composer: Composer?, %changed: Int) {
    %composer.startReplaceGroup(<>)
    %composer.endReplaceGroup()
  }
  class ComposeDefaultImpls {
    @Composable
    fun betweenFoo%default(param: Int, %this%: TestBetween, %composer: Composer?, %changed: Int) {
      %composer = %composer.startRestartGroup(<>)
      val %dirty = %changed
      if (%changed and 0b0110 == 0) {
        %dirty = %dirty or if (%composer.changed(param)) 0b0100 else 0b0010
      }
      if (%changed and 0b00110000 == 0) {
        %dirty = %dirty or if (if (%changed and 0b01000000 == 0) {
          %composer.changed(%this%)
        } else {
          %composer.changedInstance(%this%)
        }
        ) 0b00100000 else 0b00010000
      }
      if (%dirty and 0b00010011 != 0b00010010 || !%composer.skipping) {
        %this%.betweenFoo(param, %composer, 0b1110 and %dirty or 0b01110000 and %dirty)
      } else {
        %composer.skipToGroupEnd()
      }
      %composer.endRestartGroup()?.updateScope { %composer: Composer?, %force: Int ->
        betweenFoo%default(param, %this%, %composer, updateChangedFlags(%changed or 0b0001))
      }
    }
    @Composable
    fun betweenFooDefault%default(param: Int, %this%: TestBetween, %composer: Composer?, %changed: Int) {
      %composer = %composer.startRestartGroup(<>)
      val %dirty = %changed
      if (%changed and 0b0110 == 0) {
        %dirty = %dirty or if (%composer.changed(param)) 0b0100 else 0b0010
      }
      if (%changed and 0b00110000 == 0) {
        %dirty = %dirty or if (if (%changed and 0b01000000 == 0) {
          %composer.changed(%this%)
        } else {
          %composer.changedInstance(%this%)
        }
        ) 0b00100000 else 0b00010000
      }
      if (%dirty and 0b00010011 != 0b00010010 || !%composer.skipping) {
        %this%.betweenFooDefault(param, %composer, 0b1110 and %dirty or 0b01110000 and %dirty)
      } else {
        %composer.skipToGroupEnd()
      }
      %composer.endRestartGroup()?.updateScope { %composer: Composer?, %force: Int ->
        betweenFooDefault%default(param, %this%, %composer, updateChangedFlags(%changed or 0b0001))
      }
    }
  }
}
@StabilityInferred(parameters = 1)
class TestImpl : TestBetween {
  @Composable
  override fun foo(param: Int, %composer: Composer?, %changed: Int) {
    %composer.startReplaceGroup(<>)
    %composer.endReplaceGroup()
  }
  @Composable
  override fun betweenFoo(param: Int, %composer: Composer?, %changed: Int) {
    %composer.startReplaceGroup(<>)
    %composer.endReplaceGroup()
  }
  static val %stable: Int = 0
}
@Composable
@ComposableInferredTarget(scheme = "[0[0]]")
fun CallWithDefaults(test: Test, testBetween: TestBetween, testImpl: TestImpl, %composer: Composer?, %changed: Int) {
  %composer = %composer.startRestartGroup(<>)
  val %dirty = %changed
  if (%changed and 0b0110 == 0) {
    %dirty = %dirty or if (if (%changed and 0b1000 == 0) {
      %composer.changed(test)
    } else {
      %composer.changedInstance(test)
    }
    ) 0b0100 else 0b0010
  }
  if (%changed and 0b00110000 == 0) {
    %dirty = %dirty or if (if (%changed and 0b01000000 == 0) {
      %composer.changed(testBetween)
    } else {
      %composer.changedInstance(testBetween)
    }
    ) 0b00100000 else 0b00010000
  }
  if (%changed and 0b000110000000 == 0) {
    %dirty = %dirty or if (%composer.changed(testImpl)) 0b000100000000 else 0b10000000
  }
  if (%dirty and 0b10010011 != 0b10010010 || !%composer.skipping) {
    foo%default(0, test, %composer, 0b0110 or 0b01110000 and %dirty shl 0b0011)
    foo%default(0, testBetween, %composer, 0b0110 or 0b01110000 and %dirty)
    betweenFoo%default(0, testBetween, %composer, 0b0110 or 0b01110000 and %dirty)
    betweenFooDefault%default(0, testBetween, %composer, 0b0110 or 0b01110000 and %dirty)
    foo%default(0, testImpl, %composer, 0b0110 or 0b01110000 and %dirty shr 0b0011)
    betweenFoo%default(0, testImpl, %composer, 0b0110 or 0b01110000 and %dirty shr 0b0011)
    betweenFooDefault%default(0, testImpl, %composer, 0b0110 or 0b01110000 and %dirty shr 0b0011)
  } else {
    %composer.skipToGroupEnd()
  }
  %composer.endRestartGroup()?.updateScope { %composer: Composer?, %force: Int ->
    CallWithDefaults(test, testBetween, testImpl, %composer, updateChangedFlags(%changed or 0b0001))
  }
}
