//
// Source
// ------------------------------------------

import androidx.compose.runtime.*

interface Test {
    @Composable fun Int.foo(param: Int)
    @Composable fun Int.bar(param: Int): Int = param
}

class TestImpl : Test {
    @Composable override fun Int.foo(param: Int) {}
    @Composable override fun Int.bar(param: Int): Int = 0
}

@Composable fun CallWithDefaults(test: Test) {
    with(test) {
        42.foo(0)
        42.bar(0)
    }
}

//
// Transformed IR
// ------------------------------------------

interface Test {
  @Composable
  abstract fun Int.foo(param: Int, %composer: Composer?, %changed: Int)
  @Composable
  open fun Int.bar(param: Int, %composer: Composer?, %changed: Int): Int {
    %composer.startReplaceGroup(<>)
    val tmp0 = param
    %composer.endReplaceGroup()
    return tmp0
  }
  class ComposeDefaultImpls {
    @Composable
    @ComposableInferredTarget(scheme = "[0[0]]")
    fun foo%default(param: Int, %this%: Test, %this%: Int, %composer: Composer?, %changed: Int) {
      %composer = %composer.startRestartGroup(<>)
      val %dirty = %changed
      if (%changed and 0b0110 == 0) {
        %dirty = %dirty or if (%composer.changed(param)) 0b0100 else 0b0010
      }
      if (%changed and 0b00110000 == 0) {
        %dirty = %dirty or if (if (%changed and 0b01000000 == 0) {
          %composer.changed(%this%)
        } else {
          %composer.changedInstance(%this%)
        }
        ) 0b00100000 else 0b00010000
      }
      if (%changed and 0b000110000000 == 0) {
        %dirty = %dirty or if (%composer.changed(%this%)) 0b000100000000 else 0b10000000
      }
      if (%dirty and 0b10010011 != 0b10010010 || !%composer.skipping) {
        %this%.foo(param, %composer, 0b1110 and %dirty shr 0b0110 or 0b01110000 and %dirty shl 0b0011 or 0b001110000000 and %dirty shl 0b0011)
      } else {
        %composer.skipToGroupEnd()
      }
      %composer.endRestartGroup()?.updateScope { %composer: Composer?, %force: Int ->
        foo%default(param, %this%, %this%, %composer, updateChangedFlags(%changed or 0b0001))
      }
    }
  }
}
@StabilityInferred(parameters = 1)
class TestImpl : Test {
  @Composable
  override fun Int.foo(param: Int, %composer: Composer?, %changed: Int) {
    %composer.startReplaceGroup(<>)
    %composer.endReplaceGroup()
  }
  @Composable
  override fun Int.bar(param: Int, %composer: Composer?, %changed: Int): Int {
    %composer.startReplaceGroup(<>)
    val tmp0 = 0
    %composer.endReplaceGroup()
    return tmp0
  }
  static val %stable: Int = 0
}
@Composable
@ComposableInferredTarget(scheme = "[0[0]]")
fun CallWithDefaults(test: Test, %composer: Composer?, %changed: Int) {
  %composer = %composer.startRestartGroup(<>)
  val %dirty = %changed
  if (%changed and 0b0110 == 0) {
    %dirty = %dirty or if (if (%changed and 0b1000 == 0) {
      %composer.changed(test)
    } else {
      %composer.changedInstance(test)
    }
    ) 0b0100 else 0b0010
  }
  if (%dirty and 0b0011 != 0b0010 || !%composer.skipping) {
    val tmp0_group = with(test) {
      foo%default(0, %this%with, 42, %composer, 0b000110000110)
      val tmp0_return = %this%with.bar(0, %composer, 0b00110110)
      tmp0_return
    }
    tmp0_group
  } else {
    %composer.skipToGroupEnd()
  }
  %composer.endRestartGroup()?.updateScope { %composer: Composer?, %force: Int ->
    CallWithDefaults(test, %composer, updateChangedFlags(%changed or 0b0001))
  }
}
