//
// Source
// ------------------------------------------

fun interface A {
    @Composable fun compute(value: Int): Unit
}
fun Example(a: A) {
    Example { it -> a.compute(it) }
}

//
// Transformed IR
// ------------------------------------------

public abstract interface A {
  public abstract compute(ILandroidx/compose/runtime/Composer;I)V
  public final static INNERCLASS A%ComposeDefaultImpls A ComposeDefaultImpls
}
public final class A%ComposeDefaultImpls {
  public final static compute%default(ILA;Landroidx/compose/runtime/Composer;I)V
  public final static INNERCLASS A%ComposeDefaultImpls A ComposeDefaultImpls
  final static INNERCLASS A%ComposeDefaultImpls%compute%default%1 null null
}
final class A%ComposeDefaultImpls%compute%default%1 extends kotlin/jvm/internal/Lambda implements kotlin/jvm/functions/Function2 {
  <init>(ILA;I)V
  public final invoke(Landroidx/compose/runtime/Composer;I)V
  public synthetic bridge invoke(Ljava/lang/Object;Ljava/lang/Object;)Ljava/lang/Object;
  final synthetic I %value
  final synthetic LA; %this_
  final synthetic I %%changed
  OUTERCLASS A%ComposeDefaultImpls compute%default (ILA;Landroidx/compose/runtime/Composer;I)V
  public final static INNERCLASS A%ComposeDefaultImpls A ComposeDefaultImpls
  final static INNERCLASS A%ComposeDefaultImpls%compute%default%1 null null
}
public final class TestKt {
  public final static Example(LA;)V
  final static INNERCLASS TestKt%Example%1 null null
}
final class TestKt%Example%1 implements A {
  <init>(LA;)V
  public final compute(ILandroidx/compose/runtime/Composer;I)V
  final synthetic LA; %a
  OUTERCLASS TestKt Example (LA;)V
  public final static INNERCLASS A%ComposeDefaultImpls A ComposeDefaultImpls
  final static INNERCLASS TestKt%Example%1 null null
}
