//
// Source
// ------------------------------------------

fun interface A {
    @Composable fun compute(value: Int): Unit
}
fun Example(a: A) {
    Example { it -> a.compute(it) }
}

//
// Transformed IR
// ------------------------------------------

public abstract interface A {
  public abstract compute(ILandroidx/compose/runtime/Composer;I)V
  public final static INNERCLASS A%ComposeDefaultImpls A ComposeDefaultImpls
}
public final class A%ComposeDefaultImpls {
  public final static compute%default(ILA;Landroidx/compose/runtime/Composer;I)V
  private final static compute_default%lambda%0(ILA;ILandroidx/compose/runtime/Composer;I)Lkotlin/Unit;
  public final static INNERCLASS A%ComposeDefaultImpls A ComposeDefaultImpls
}
public final class TestKt {
  public final static Example(LA;)V
  final static INNERCLASS TestKt%Example%1 null null
}
final class TestKt%Example%1 implements A {
  <init>(LA;)V
  public final compute(ILandroidx/compose/runtime/Composer;I)V
  final synthetic LA; %a
  OUTERCLASS TestKt Example (LA;)V
  public final static INNERCLASS A%ComposeDefaultImpls A ComposeDefaultImpls
  final static INNERCLASS TestKt%Example%1 null null
}
