//
// Source
// ------------------------------------------

abstract class BaseFoo {
    @Composable abstract fun bar()
}

class FooImpl : BaseFoo() {
    @Composable override fun bar() {}
}

//
// Transformed IR
// ------------------------------------------

public abstract class BaseFoo {
  public <init>()V
  public abstract bar(Landroidx/compose/runtime/Composer;I)V
  static <clinit>()V
  public final static I %stable
  public final static INNERCLASS BaseFoo%ComposeDefaultImpls BaseFoo ComposeDefaultImpls
}
public final class BaseFoo%ComposeDefaultImpls {
  public final static bar%default(LBaseFoo;Landroidx/compose/runtime/Composer;I)V
  private final static bar_default%lambda%0(LBaseFoo;ILandroidx/compose/runtime/Composer;I)Lkotlin/Unit;
  public final static INNERCLASS BaseFoo%ComposeDefaultImpls BaseFoo ComposeDefaultImpls
}
public final class FooImpl extends BaseFoo {
  public <init>()V
  public bar(Landroidx/compose/runtime/Composer;I)V
  static <clinit>()V
  public final static I %stable
}
