//
// Source
// ------------------------------------------

import androidx.compose.runtime.*

 fun interface Consumer<T> {
     @Composable fun consume(t: T)
 }

 class Repro<T : Any>() {
     fun test(consumer: Consumer<in T>) {}
 }

 fun test() {
     Repro<String>().test { string ->
         println(string)
     }
 }

//
// Transformed IR
// ------------------------------------------

public abstract interface Consumer {
  public abstract consume(Ljava/lang/Object;Landroidx/compose/runtime/Composer;I)V
  public final static INNERCLASS Consumer%ComposeDefaultImpls Consumer ComposeDefaultImpls
}
public final class Consumer%ComposeDefaultImpls {
  public final static consume%default(Ljava/lang/Object;LConsumer;Landroidx/compose/runtime/Composer;I)V
  public final static INNERCLASS Consumer%ComposeDefaultImpls Consumer ComposeDefaultImpls
  final static INNERCLASS Consumer%ComposeDefaultImpls%consume%default%1 null null
}
final class Consumer%ComposeDefaultImpls%consume%default%1 extends kotlin/jvm/internal/Lambda implements kotlin/jvm/functions/Function2 {
  <init>(Ljava/lang/Object;LConsumer;I)V
  public final invoke(Landroidx/compose/runtime/Composer;I)V
  public synthetic bridge invoke(Ljava/lang/Object;Ljava/lang/Object;)Ljava/lang/Object;
  final synthetic Ljava/lang/Object; %t
  final synthetic LConsumer; %this_
  final synthetic I %%changed
  OUTERCLASS Consumer%ComposeDefaultImpls consume%default (Ljava/lang/Object;LConsumer;Landroidx/compose/runtime/Composer;I)V
  public final static INNERCLASS Consumer%ComposeDefaultImpls Consumer ComposeDefaultImpls
  final static INNERCLASS Consumer%ComposeDefaultImpls%consume%default%1 null null
}
public final class Repro {
  public <init>()V
  public final test(LConsumer;)V
  static <clinit>()V
  public final static I %stable
}
public final class TestKt {
  public final static test()V
  final static INNERCLASS TestKt%test%1 null null
}
final class TestKt%test%1 implements Consumer {
  <init>()V
  public final consume(Ljava/lang/String;Landroidx/compose/runtime/Composer;I)V
  public synthetic bridge consume(Ljava/lang/Object;Landroidx/compose/runtime/Composer;I)V
  static <clinit>()V
  public final static LTestKt%test%1; INSTANCE
  OUTERCLASS TestKt test ()V
  final static INNERCLASS TestKt%test%1 null null
}
