//
// Source
// ------------------------------------------

interface Foo {
    @Composable fun bar()
}

class FooImpl : Foo {
    @Composable override fun bar() {}
}

//
// Transformed IR
// ------------------------------------------

public abstract interface Foo {
  public abstract bar(Landroidx/compose/runtime/Composer;I)V
  public final static INNERCLASS Foo%ComposeDefaultImpls Foo ComposeDefaultImpls
}
public final class Foo%ComposeDefaultImpls {
  public final static bar%default(LFoo;Landroidx/compose/runtime/Composer;I)V
  public final static INNERCLASS Foo%ComposeDefaultImpls Foo ComposeDefaultImpls
  final static INNERCLASS Foo%ComposeDefaultImpls%bar%default%1 null null
}
final class Foo%ComposeDefaultImpls%bar%default%1 extends kotlin/jvm/internal/Lambda implements kotlin/jvm/functions/Function2 {
  <init>(LFoo;I)V
  public final invoke(Landroidx/compose/runtime/Composer;I)V
  public synthetic bridge invoke(Ljava/lang/Object;Ljava/lang/Object;)Ljava/lang/Object;
  final synthetic LFoo; %this_
  final synthetic I %%changed
  OUTERCLASS Foo%ComposeDefaultImpls bar%default (LFoo;Landroidx/compose/runtime/Composer;I)V
  public final static INNERCLASS Foo%ComposeDefaultImpls Foo ComposeDefaultImpls
  final static INNERCLASS Foo%ComposeDefaultImpls%bar%default%1 null null
}
public final class FooImpl implements Foo {
  public <init>()V
  public bar(Landroidx/compose/runtime/Composer;I)V
  static <clinit>()V
  public final static I %stable
}
