//
// Source
// ------------------------------------------

@Composable fun Bar(content: @Composable () -> Unit) {
    val foo = @Composable { x: Int -> print(x)  }
    foo(123)
    content()
}

//
// Transformed IR
// ------------------------------------------

public final class ComposableSingletons%TestKt {
  public <init>()V
  public final getLambda1-Bar-6f941xzhnqv7%1%test_module()Lkotlin/jvm/functions/Function3;
  static <clinit>()V
  public final static LComposableSingletons%TestKt; INSTANCE
  private static Lkotlin/jvm/functions/Function3; lambda1-Bar-6f941xzhnqv7%1
  final static INNERCLASS ComposableSingletons%TestKt%lambda1-Bar-6f941xzhnqv7%1%1 null null
}
final class ComposableSingletons%TestKt%lambda1-Bar-6f941xzhnqv7%1%1 implements kotlin/jvm/functions/Function3 {
  <init>()V
  public final invoke(ILandroidx/compose/runtime/Composer;I)V
  public synthetic bridge invoke(Ljava/lang/Object;Ljava/lang/Object;Ljava/lang/Object;)Ljava/lang/Object;
  static <clinit>()V
  public final static LComposableSingletons%TestKt%lambda1-Bar-6f941xzhnqv7%1%1; INSTANCE
  OUTERCLASS ComposableSingletons%TestKt null
  final static INNERCLASS ComposableSingletons%TestKt%lambda1-Bar-6f941xzhnqv7%1%1 null null
}
public final class TestKt {
  public final static Bar(Lkotlin/jvm/functions/Function2;Landroidx/compose/runtime/Composer;I)V
  private final static Bar%lambda%0(Lkotlin/jvm/functions/Function2;ILandroidx/compose/runtime/Composer;I)Lkotlin/Unit;
}
